WARNING conda.exception_handler:print_unexpected_error_report(168): KeyError('active_prefix_name')

Traceback (most recent call last):

  File "D:\Anaconda\Lib\site-packages\conda\exception_handler.py", line 18, in __call__

    return func(*args, **kwargs)

           ^^^^^^^^^^^^^^^^^^^^^

  File "D:\Anaconda\Lib\site-packages\conda\cli\main.py", line 84, in main_subshell

    exit_code = do_call(args, parser)

                ^^^^^^^^^^^^^^^^^^^^^

  File "D:\Anaconda\Lib\site-packages\conda\cli\conda_argparse.py", line 200, in do_call

    result = getattr(module, func_name)(args, parser)

             ^^^^^^^^^^^^^^^^^^^^^^^^^^^^^^^^^^^^^^^^

  File "D:\Anaconda\Lib\site-packages\conda\cli\main_run.py", line 118, in execute

    print(response.stdout, file=sys.stdout)

UnicodeEncodeError: 'gbk' codec can't encode character '\ufffd' in position 6674: illegal multibyte sequence



During handling of the above exception, another exception occurred:



Traceback (most recent call last):

  File "D:\Anaconda\Lib\site-packages\conda\exception_handler.py", line 165, in print_unexpected_error_report

    get_main_info_str(error_report["conda_info"])

  File "D:\Anaconda\Lib\site-packages\conda\cli\main_info.py", line 393, in get_main_info_str

    return "\n".join(("", *(f"{key:>23} : {value}" for key, value in builder()), ""))

                     ^^^^^^^^^^^^^^^^^^^^^^^^^^^^^^^^^^^^^^^^^^^^^^^^^^^^^^^^^^^^^^^

  File "D:\Anaconda\Lib\site-packages\conda\cli\main_info.py", line 393, in <genexpr>

    return "\n".join(("", *(f"{key:>23} : {value}" for key, value in builder()), ""))

                           ^^^^^^^^^^^^^^^^^^^^^^^^^^^^^^^^^^^^^^^^^^^^^^^^^^^^

  File "D:\Anaconda\Lib\site-packages\conda\cli\main_info.py", line 353, in builder

    if info_dict["active_prefix_name"]:

       ~~~~~~~~~^^^^^^^^^^^^^^^^^^^^^^

KeyError: 'active_prefix_name'



# >>>>>>>>>>>>>>>>>>>>>> ERROR REPORT <<<<<<<<<<<<<<<<<<<<<<



    Traceback (most recent call last):

      File "D:\Anaconda\Lib\site-packages\conda\exception_handler.py", line 18, in __call__

        return func(*args, **kwargs)

               ^^^^^^^^^^^^^^^^^^^^^

      File "D:\Anaconda\Lib\site-packages\conda\cli\main.py", line 84, in main_subshell

        exit_code = do_call(args, parser)

                    ^^^^^^^^^^^^^^^^^^^^^

      File "D:\Anaconda\Lib\site-packages\conda\cli\conda_argparse.py", line 200, in do_call

        result = getattr(module, func_name)(args, parser)

                 ^^^^^^^^^^^^^^^^^^^^^^^^^^^^^^^^^^^^^^^^

      File "D:\Anaconda\Lib\site-packages\conda\cli\main_run.py", line 118, in execute

        print(response.stdout, file=sys.stdout)

    UnicodeEncodeError: 'gbk' codec can't encode character '\ufffd' in position 6674: illegal multibyte sequence



`$ D:\Anaconda\Scripts\conda-script.py run -n pytorch yolo detect train model=yolo11n.pt data=E:\TJGY\MinPaper\MyAutoAugument\outputs\tiled_dataset_smoke\data.yaml epochs=20 imgsz=1024 batch=2 workers=0 device=0 project=outputs\tiled_baseline_20epoch name=train exist_ok=True mosaic=0 mixup=0 copy_paste=0 hsv_h=0 hsv_s=0 hsv_v=0 degrees=0 translate=0 scale=0 shear=0 perspective=0 fliplr=0 flipud=0`



  environment variables:

conda info could not be constructed.

KeyError('active_prefix_name')



An unexpected error has occurred. Conda has prepared the above report.

If you suspect this error is being caused by a malfunctioning plugin,

consider using the --no-plugins option to turn off plugins.



Example: conda --no-plugins install <package>



Alternatively, you can set the CONDA_NO_PLUGINS environment variable on

the command line to run the command without plugins enabled.



Example: CONDA_NO_PLUGINS=true conda install <package>





No report sent. To permanently opt-out, use



    $ conda config --set report_errors false
