Creating new Ultralytics Settings v0.0.6 file  
View Ultralytics Settings with 'yolo settings' or at 'E:\TJGY\MinPaper\MyAutoAugument\outputs\experiments\clean_native_yolo_default_seed42_50ep\configs\ultralytics\Ultralytics\settings.json'
Update Settings with 'yolo settings key=value', i.e. 'yolo settings runs_dir=path/to/dir'. For help see https://docs.ultralytics.com/quickstart/#ultralytics-settings.
New https://pypi.org/project/ultralytics/8.4.56 available  Update with 'pip install -U ultralytics'
Ultralytics 8.3.221  Python-3.9.19 torch-2.4.1 CUDA:0 (NVIDIA GeForce RTX 3060 Laptop GPU, 6144MiB)
[34m[1mengine\trainer: [0magnostic_nms=False, amp=True, augment=False, auto_augment=randaugment, batch=2, bgr=0.0, box=7.5, cache=False, cfg=None, classes=None, close_mosaic=10, cls=0.5, compile=False, conf=None, copy_paste=0.0, copy_paste_mode=flip, cos_lr=False, cutmix=0.0, data=E:\TJGY\MinPaper\MyAutoAugument\outputs\datasets\tiled\tiled_1024_ov20_full_safe_no_ok_position\data.yaml, degrees=0.0, deterministic=True, device=0, dfl=1.5, dnn=False, dropout=0.0, dynamic=False, embed=None, epochs=50, erasing=0.4, exist_ok=True, fliplr=0.5, flipud=0.0, format=torchscript, fraction=1.0, freeze=None, half=False, hsv_h=0.015, hsv_s=0.7, hsv_v=0.4, imgsz=1024, int8=False, iou=0.7, keras=False, kobj=1.0, line_width=None, lr0=0.01, lrf=0.01, mask_ratio=4, max_det=300, mixup=0.0, mode=train, model=yolo11n.pt, momentum=0.937, mosaic=1.0, multi_scale=False, name=train, nbs=64, nms=False, opset=None, optimize=False, optimizer=auto, overlap_mask=True, patience=100, perspective=0.0, plots=False, pose=12.0, pretrained=True, profile=False, project=E:\TJGY\MinPaper\MyAutoAugument\outputs\experiments\clean_native_yolo_default_seed42_50ep, rect=False, resume=False, retina_masks=False, save=True, save_conf=False, save_crop=False, save_dir=E:\TJGY\MinPaper\MyAutoAugument\outputs\experiments\clean_native_yolo_default_seed42_50ep\train, save_frames=False, save_json=False, save_period=-1, save_txt=False, scale=0.5, seed=42, shear=0.0, show=False, show_boxes=True, show_conf=True, show_labels=True, simplify=True, single_cls=False, source=None, split=val, stream_buffer=False, task=detect, time=None, tracker=botsort.yaml, translate=0.1, val=True, verbose=True, vid_stride=1, visualize=False, warmup_bias_lr=0.1, warmup_epochs=3.0, warmup_momentum=0.8, weight_decay=0.0005, workers=0, workspace=None
Overriding model.yaml nc=80 with nc=13

                   from  n    params  module                                       arguments                     
  0                  -1  1       464  ultralytics.nn.modules.conv.Conv             [3, 16, 3, 2]                 
  1                  -1  1      4672  ultralytics.nn.modules.conv.Conv             [16, 32, 3, 2]                
  2                  -1  1      6640  ultralytics.nn.modules.block.C3k2            [32, 64, 1, False, 0.25]      
  3                  -1  1     36992  ultralytics.nn.modules.conv.Conv             [64, 64, 3, 2]                
  4                  -1  1     26080  ultralytics.nn.modules.block.C3k2            [64, 128, 1, False, 0.25]     
  5                  -1  1    147712  ultralytics.nn.modules.conv.Conv             [128, 128, 3, 2]              
  6                  -1  1     87040  ultralytics.nn.modules.block.C3k2            [128, 128, 1, True]           
  7                  -1  1    295424  ultralytics.nn.modules.conv.Conv             [128, 256, 3, 2]              
  8                  -1  1    346112  ultralytics.nn.modules.block.C3k2            [256, 256, 1, True]           
  9                  -1  1    164608  ultralytics.nn.modules.block.SPPF            [256, 256, 5]                 
 10                  -1  1    249728  ultralytics.nn.modules.block.C2PSA           [256, 256, 1]                 
 11                  -1  1         0  torch.nn.modules.upsampling.Upsample         [None, 2, 'nearest']          
 12             [-1, 6]  1         0  ultralytics.nn.modules.conv.Concat           [1]                           
 13                  -1  1    111296  ultralytics.nn.modules.block.C3k2            [384, 128, 1, False]          
 14                  -1  1         0  torch.nn.modules.upsampling.Upsample         [None, 2, 'nearest']          
 15             [-1, 4]  1         0  ultralytics.nn.modules.conv.Concat           [1]                           
 16                  -1  1     32096  ultralytics.nn.modules.block.C3k2            [256, 64, 1, False]           
 17                  -1  1     36992  ultralytics.nn.modules.conv.Conv             [64, 64, 3, 2]                
 18            [-1, 13]  1         0  ultralytics.nn.modules.conv.Concat           [1]                           
 19                  -1  1     86720  ultralytics.nn.modules.block.C3k2            [192, 128, 1, False]          
 20                  -1  1    147712  ultralytics.nn.modules.conv.Conv             [128, 128, 3, 2]              
 21            [-1, 10]  1         0  ultralytics.nn.modules.conv.Concat           [1]                           
 22                  -1  1    378880  ultralytics.nn.modules.block.C3k2            [384, 256, 1, True]           
 23        [16, 19, 22]  1    433207  ultralytics.nn.modules.head.Detect           [13, [64, 128, 256]]          
YOLO11n summary: 181 layers, 2,592,375 parameters, 2,592,359 gradients, 6.5 GFLOPs

Transferred 448/499 items from pretrained weights
Freezing layer 'model.23.dfl.conv.weight'
[34m[1mAMP: [0mrunning Automatic Mixed Precision (AMP) checks...
[34m[1mAMP: [0mchecks passed 
[34m[1mtrain: [0mFast image access  (ping: 0.20.0 ms, read: 34.66.0 MB/s, size: 300.8 KB)
[34m[1mval: [0mFast image access  (ping: 0.20.0 ms, read: 31.35.3 MB/s, size: 301.3 KB)
[34m[1moptimizer:[0m 'optimizer=auto' found, ignoring 'lr0=0.01' and 'momentum=0.937' and determining best 'optimizer', 'lr0' and 'momentum' automatically... 
[34m[1moptimizer:[0m AdamW(lr=0.000588, momentum=0.9) with parameter groups 81 weight(decay=0.0), 88 weight(decay=0.0005), 87 bias(decay=0.0)
Image sizes 1024 train, 1024 val
Using 0 dataloader workers
Logging results to [1mE:\TJGY\MinPaper\MyAutoAugument\outputs\experiments\clean_native_yolo_default_seed42_50ep\train[0m
Starting training for 50 epochs...

      Epoch    GPU_mem   box_loss   cls_loss   dfl_loss  Instances       Size
                   all        677        905       0.72      0.162      0.187      0.124

      Epoch    GPU_mem   box_loss   cls_loss   dfl_loss  Instances       Size
                   all        677        905       0.71      0.257      0.319      0.174

      Epoch    GPU_mem   box_loss   cls_loss   dfl_loss  Instances       Size
                   all        677        905      0.713      0.287      0.349       0.21

      Epoch    GPU_mem   box_loss   cls_loss   dfl_loss  Instances       Size
                   all        677        905       0.62      0.314      0.368      0.225

      Epoch    GPU_mem   box_loss   cls_loss   dfl_loss  Instances       Size
                   all        677        905      0.628      0.368      0.349      0.211

      Epoch    GPU_mem   box_loss   cls_loss   dfl_loss  Instances       Size
                   all        677        905      0.655      0.338      0.378      0.237

      Epoch    GPU_mem   box_loss   cls_loss   dfl_loss  Instances       Size
                   all        677        905      0.594      0.432      0.404      0.249

      Epoch    GPU_mem   box_loss   cls_loss   dfl_loss  Instances       Size
                   all        677        905      0.676      0.415      0.421      0.266

      Epoch    GPU_mem   box_loss   cls_loss   dfl_loss  Instances       Size
                   all        677        905      0.679      0.392      0.441      0.263

      Epoch    GPU_mem   box_loss   cls_loss   dfl_loss  Instances       Size
                   all        677        905      0.547      0.461      0.441      0.276

      Epoch    GPU_mem   box_loss   cls_loss   dfl_loss  Instances       Size
                   all        677        905      0.495      0.439      0.447      0.282

      Epoch    GPU_mem   box_loss   cls_loss   dfl_loss  Instances       Size
                   all        677        905      0.617      0.443      0.452      0.288

      Epoch    GPU_mem   box_loss   cls_loss   dfl_loss  Instances       Size
                   all        677        905      0.515      0.486      0.485       0.31

      Epoch    GPU_mem   box_loss   cls_loss   dfl_loss  Instances       Size
                   all        677        905      0.629      0.509      0.514      0.315

      Epoch    GPU_mem   box_loss   cls_loss   dfl_loss  Instances       Size
                   all        677        905      0.659      0.487      0.541      0.346

      Epoch    GPU_mem   box_loss   cls_loss   dfl_loss  Instances       Size
                   all        677        905      0.544      0.534      0.545      0.343

      Epoch    GPU_mem   box_loss   cls_loss   dfl_loss  Instances       Size
                   all        677        905      0.566      0.544      0.573       0.36

      Epoch    GPU_mem   box_loss   cls_loss   dfl_loss  Instances       Size
                   all        677        905      0.522      0.562      0.562      0.363

      Epoch    GPU_mem   box_loss   cls_loss   dfl_loss  Instances       Size
                   all        677        905      0.575      0.566      0.564      0.365

      Epoch    GPU_mem   box_loss   cls_loss   dfl_loss  Instances       Size
                   all        677        905      0.599      0.555      0.583      0.377

      Epoch    GPU_mem   box_loss   cls_loss   dfl_loss  Instances       Size
                   all        677        905      0.582       0.63      0.601      0.375

      Epoch    GPU_mem   box_loss   cls_loss   dfl_loss  Instances       Size
                   all        677        905      0.676      0.621      0.623        0.4

      Epoch    GPU_mem   box_loss   cls_loss   dfl_loss  Instances       Size
                   all        677        905      0.572      0.571      0.635      0.426

      Epoch    GPU_mem   box_loss   cls_loss   dfl_loss  Instances       Size
                   all        677        905      0.608      0.623      0.655      0.435

      Epoch    GPU_mem   box_loss   cls_loss   dfl_loss  Instances       Size
                   all        677        905      0.602      0.617       0.62       0.39

      Epoch    GPU_mem   box_loss   cls_loss   dfl_loss  Instances       Size
                   all        677        905      0.654      0.605      0.647      0.414

      Epoch    GPU_mem   box_loss   cls_loss   dfl_loss  Instances       Size
                   all        677        905      0.677      0.597      0.641      0.399

      Epoch    GPU_mem   box_loss   cls_loss   dfl_loss  Instances       Size
                   all        677        905      0.618      0.654      0.675      0.441

      Epoch    GPU_mem   box_loss   cls_loss   dfl_loss  Instances       Size
                   all        677        905      0.618      0.588       0.65      0.423

      Epoch    GPU_mem   box_loss   cls_loss   dfl_loss  Instances       Size
                   all        677        905      0.639      0.647      0.651      0.425

      Epoch    GPU_mem   box_loss   cls_loss   dfl_loss  Instances       Size
                   all        677        905      0.632      0.614      0.639       0.41

      Epoch    GPU_mem   box_loss   cls_loss   dfl_loss  Instances       Size
                   all        677        905      0.634      0.658      0.667      0.439

      Epoch    GPU_mem   box_loss   cls_loss   dfl_loss  Instances       Size
                   all        677        905      0.611      0.622      0.646      0.422

      Epoch    GPU_mem   box_loss   cls_loss   dfl_loss  Instances       Size
                   all        677        905      0.631      0.677      0.668      0.421

      Epoch    GPU_mem   box_loss   cls_loss   dfl_loss  Instances       Size
                   all        677        905      0.751      0.611      0.664      0.436

      Epoch    GPU_mem   box_loss   cls_loss   dfl_loss  Instances       Size
                   all        677        905      0.634      0.648      0.666      0.442

      Epoch    GPU_mem   box_loss   cls_loss   dfl_loss  Instances       Size
                   all        677        905      0.743      0.696      0.719      0.481

      Epoch    GPU_mem   box_loss   cls_loss   dfl_loss  Instances       Size
                   all        677        905      0.706      0.699      0.715      0.473

      Epoch    GPU_mem   box_loss   cls_loss   dfl_loss  Instances       Size
                   all        677        905       0.76      0.673      0.725      0.489

      Epoch    GPU_mem   box_loss   cls_loss   dfl_loss  Instances       Size
                   all        677        905      0.698      0.727      0.725      0.484
Closing dataloader mosaic

      Epoch    GPU_mem   box_loss   cls_loss   dfl_loss  Instances       Size
                   all        677        905      0.734       0.69      0.736       0.49

      Epoch    GPU_mem   box_loss   cls_loss   dfl_loss  Instances       Size
                   all        677        905      0.693      0.644      0.695       0.46

      Epoch    GPU_mem   box_loss   cls_loss   dfl_loss  Instances       Size
                   all        677        905      0.727      0.683       0.76      0.525

      Epoch    GPU_mem   box_loss   cls_loss   dfl_loss  Instances       Size
                   all        677        905      0.776      0.681      0.743      0.503

      Epoch    GPU_mem   box_loss   cls_loss   dfl_loss  Instances       Size
                   all        677        905      0.725      0.693      0.752      0.519

      Epoch    GPU_mem   box_loss   cls_loss   dfl_loss  Instances       Size
                   all        677        905      0.697      0.696      0.717      0.502

      Epoch    GPU_mem   box_loss   cls_loss   dfl_loss  Instances       Size
                   all        677        905      0.691      0.713      0.702      0.477

      Epoch    GPU_mem   box_loss   cls_loss   dfl_loss  Instances       Size
                   all        677        905      0.737      0.678      0.723      0.504

      Epoch    GPU_mem   box_loss   cls_loss   dfl_loss  Instances       Size
                   all        677        905      0.748       0.69       0.73      0.506

      Epoch    GPU_mem   box_loss   cls_loss   dfl_loss  Instances       Size
                   all        677        905      0.688      0.711        0.7      0.481

50 epochs completed in 3.328 hours.
Optimizer stripped from E:\TJGY\MinPaper\MyAutoAugument\outputs\experiments\clean_native_yolo_default_seed42_50ep\train\weights\last.pt, 5.6MB
Optimizer stripped from E:\TJGY\MinPaper\MyAutoAugument\outputs\experiments\clean_native_yolo_default_seed42_50ep\train\weights\best.pt, 5.6MB

Validating E:\TJGY\MinPaper\MyAutoAugument\outputs\experiments\clean_native_yolo_default_seed42_50ep\train\weights\best.pt...
Ultralytics 8.3.221  Python-3.9.19 torch-2.4.1 CUDA:0 (NVIDIA GeForce RTX 3060 Laptop GPU, 6144MiB)
YOLO11n summary (fused): 100 layers, 2,584,687 parameters, 0 gradients, 6.3 GFLOPs
                   all        677        905      0.726      0.684      0.761      0.524
                   OK2         64         64       0.91      0.984      0.994      0.861
                   OK3        274        274      0.993      0.978      0.994      0.824
                           8          8          1      0.874      0.962       0.49
                              2          2      0.279          1      0.995      0.995
                             14         18      0.231      0.333      0.279      0.197
                            11         13      0.806      0.322      0.605      0.287
                            36         46      0.729       0.63      0.733       0.43
                            229        269       0.79      0.588      0.723      0.444
                             33         42      0.658      0.551      0.542      0.296
                           69         84      0.637      0.429      0.612      0.311
                           12         12      0.706      0.667      0.695      0.464
                             25         27      0.789      0.852       0.95      0.697
                             41         46      0.913      0.686      0.809      0.521
Speed: 1.0ms preprocess, 5.8ms inference, 0.0ms loss, 1.5ms postprocess per image
Ultralytics 8.3.221  Python-3.9.19 torch-2.4.1 CUDA:0 (NVIDIA GeForce RTX 3060 Laptop GPU, 6144MiB)
YOLO11n summary (fused): 100 layers, 2,584,687 parameters, 0 gradients, 6.3 GFLOPs
[34m[1mval: [0mFast image access  (ping: 0.10.0 ms, read: 1157.5292.9 MB/s, size: 253.7 KB)
                   all        677        905      0.726      0.684      0.762      0.525
                   OK2         64         64       0.91      0.984      0.994      0.861
                   OK3        274        274      0.993      0.978      0.994      0.827
                           8          8          1      0.874      0.962       0.49
                              2          2      0.278          1      0.995      0.995
                             14         18      0.231      0.333      0.279      0.197
                            11         13      0.808      0.325      0.605      0.293
                            36         46      0.729       0.63      0.733      0.427
                            229        269       0.79      0.587      0.724      0.446
                             33         42      0.659      0.552      0.546      0.298
                           69         84      0.638      0.429      0.611      0.307
                           12         12      0.705      0.667      0.699       0.46
                             25         27      0.788      0.852       0.95      0.699
                             41         46      0.913      0.687      0.809      0.525
Speed: 1.0ms preprocess, 8.7ms inference, 0.0ms loss, 1.6ms postprocess per image
E:\TJGY\MinPaper\MyAutoAugument\outputs\snapshots\project_snapshot_latest.md
E:\TJGY\MinPaper\MyAutoAugument\outputs\project_snapshot_latest.md
{
  "train_success": true,
  "val_success": true,
  "train_image_count": 2301,
  "fixed_augmented_dataset_generated": false,
  "precision": 0.7262349655719601,
  "recall": 0.6843688238246138,
  "map50": 0.7616313722771619,
  "map50_95": 0.525047137970041,
  "report": "E:\\TJGY\\MinPaper\\MyAutoAugument\\outputs\\experiments\\clean_native_yolo_default_seed42_50ep\\reports\\clean_native_yolo_default_report.md",
  "metrics_json": "E:\\TJGY\\MinPaper\\MyAutoAugument\\outputs\\experiments\\clean_native_yolo_default_seed42_50ep\\reports\\clean_native_yolo_default_metrics.json"
}
