Creating new Ultralytics Settings v0.0.6 file  
View Ultralytics Settings with 'yolo settings' or at 'E:\TJGY\MinPaper\MyAutoAugument\outputs\experiments\multiseed_clean_yolo_default_vs_inloop_feedback\seed_2\clean_native_yolo_default\configs\ultralytics\Ultralytics\settings.json'
Update Settings with 'yolo settings key=value', i.e. 'yolo settings runs_dir=path/to/dir'. For help see https://docs.ultralytics.com/quickstart/#ultralytics-settings.
New https://pypi.org/project/ultralytics/8.4.56 available  Update with 'pip install -U ultralytics'
Ultralytics 8.3.221  Python-3.9.19 torch-2.4.1 CUDA:0 (NVIDIA GeForce RTX 3060 Laptop GPU, 6144MiB)
[34m[1mengine\trainer: [0magnostic_nms=False, amp=True, augment=False, auto_augment=randaugment, batch=2, bgr=0.0, box=7.5, cache=False, cfg=None, classes=None, close_mosaic=10, cls=0.5, compile=False, conf=None, copy_paste=0.0, copy_paste_mode=flip, cos_lr=False, cutmix=0.0, data=E:\TJGY\MinPaper\MyAutoAugument\outputs\datasets\tiled\tiled_1024_ov20_full_safe_no_ok_position\data.yaml, degrees=0.0, deterministic=True, device=0, dfl=1.5, dnn=False, dropout=0.0, dynamic=False, embed=None, epochs=50, erasing=0.4, exist_ok=True, fliplr=0.5, flipud=0.0, format=torchscript, fraction=1.0, freeze=None, half=False, hsv_h=0.015, hsv_s=0.7, hsv_v=0.4, imgsz=1024, int8=False, iou=0.7, keras=False, kobj=1.0, line_width=None, lr0=0.01, lrf=0.01, mask_ratio=4, max_det=300, mixup=0.0, mode=train, model=yolo11n.pt, momentum=0.937, mosaic=1.0, multi_scale=False, name=train, nbs=64, nms=False, opset=None, optimize=False, optimizer=auto, overlap_mask=True, patience=100, perspective=0.0, plots=False, pose=12.0, pretrained=True, profile=False, project=E:\TJGY\MinPaper\MyAutoAugument\outputs\experiments\multiseed_clean_yolo_default_vs_inloop_feedback\seed_2\clean_native_yolo_default, rect=False, resume=False, retina_masks=False, save=True, save_conf=False, save_crop=False, save_dir=E:\TJGY\MinPaper\MyAutoAugument\outputs\experiments\multiseed_clean_yolo_default_vs_inloop_feedback\seed_2\clean_native_yolo_default\train, save_frames=False, save_json=False, save_period=-1, save_txt=False, scale=0.5, seed=2, shear=0.0, show=False, show_boxes=True, show_conf=True, show_labels=True, simplify=True, single_cls=False, source=None, split=val, stream_buffer=False, task=detect, time=None, tracker=botsort.yaml, translate=0.1, val=True, verbose=True, vid_stride=1, visualize=False, warmup_bias_lr=0.1, warmup_epochs=3.0, warmup_momentum=0.8, weight_decay=0.0005, workers=0, workspace=None
Overriding model.yaml nc=80 with nc=13

                   from  n    params  module                                       arguments                     
  0                  -1  1       464  ultralytics.nn.modules.conv.Conv             [3, 16, 3, 2]                 
  1                  -1  1      4672  ultralytics.nn.modules.conv.Conv             [16, 32, 3, 2]                
  2                  -1  1      6640  ultralytics.nn.modules.block.C3k2            [32, 64, 1, False, 0.25]      
  3                  -1  1     36992  ultralytics.nn.modules.conv.Conv             [64, 64, 3, 2]                
  4                  -1  1     26080  ultralytics.nn.modules.block.C3k2            [64, 128, 1, False, 0.25]     
  5                  -1  1    147712  ultralytics.nn.modules.conv.Conv             [128, 128, 3, 2]              
  6                  -1  1     87040  ultralytics.nn.modules.block.C3k2            [128, 128, 1, True]           
  7                  -1  1    295424  ultralytics.nn.modules.conv.Conv             [128, 256, 3, 2]              
  8                  -1  1    346112  ultralytics.nn.modules.block.C3k2            [256, 256, 1, True]           
  9                  -1  1    164608  ultralytics.nn.modules.block.SPPF            [256, 256, 5]                 
 10                  -1  1    249728  ultralytics.nn.modules.block.C2PSA           [256, 256, 1]                 
 11                  -1  1         0  torch.nn.modules.upsampling.Upsample         [None, 2, 'nearest']          
 12             [-1, 6]  1         0  ultralytics.nn.modules.conv.Concat           [1]                           
 13                  -1  1    111296  ultralytics.nn.modules.block.C3k2            [384, 128, 1, False]          
 14                  -1  1         0  torch.nn.modules.upsampling.Upsample         [None, 2, 'nearest']          
 15             [-1, 4]  1         0  ultralytics.nn.modules.conv.Concat           [1]                           
 16                  -1  1     32096  ultralytics.nn.modules.block.C3k2            [256, 64, 1, False]           
 17                  -1  1     36992  ultralytics.nn.modules.conv.Conv             [64, 64, 3, 2]                
 18            [-1, 13]  1         0  ultralytics.nn.modules.conv.Concat           [1]                           
 19                  -1  1     86720  ultralytics.nn.modules.block.C3k2            [192, 128, 1, False]          
 20                  -1  1    147712  ultralytics.nn.modules.conv.Conv             [128, 128, 3, 2]              
 21            [-1, 10]  1         0  ultralytics.nn.modules.conv.Concat           [1]                           
 22                  -1  1    378880  ultralytics.nn.modules.block.C3k2            [384, 256, 1, True]           
 23        [16, 19, 22]  1    433207  ultralytics.nn.modules.head.Detect           [13, [64, 128, 256]]          
YOLO11n summary: 181 layers, 2,592,375 parameters, 2,592,359 gradients, 6.5 GFLOPs

Transferred 448/499 items from pretrained weights
Freezing layer 'model.23.dfl.conv.weight'
[34m[1mAMP: [0mrunning Automatic Mixed Precision (AMP) checks...
[34m[1mAMP: [0mchecks passed 
[34m[1mtrain: [0mFast image access  (ping: 0.10.0 ms, read: 1194.8231.3 MB/s, size: 328.2 KB)
[34m[1mval: [0mFast image access  (ping: 0.10.0 ms, read: 1031.9279.1 MB/s, size: 242.0 KB)
[34m[1moptimizer:[0m 'optimizer=auto' found, ignoring 'lr0=0.01' and 'momentum=0.937' and determining best 'optimizer', 'lr0' and 'momentum' automatically... 
[34m[1moptimizer:[0m AdamW(lr=0.000588, momentum=0.9) with parameter groups 81 weight(decay=0.0), 88 weight(decay=0.0005), 87 bias(decay=0.0)
Image sizes 1024 train, 1024 val
Using 0 dataloader workers
Logging results to [1mE:\TJGY\MinPaper\MyAutoAugument\outputs\experiments\multiseed_clean_yolo_default_vs_inloop_feedback\seed_2\clean_native_yolo_default\train[0m
Starting training for 50 epochs...

      Epoch    GPU_mem   box_loss   cls_loss   dfl_loss  Instances       Size
                   all        677        905       0.89      0.226      0.251      0.152

      Epoch    GPU_mem   box_loss   cls_loss   dfl_loss  Instances       Size
                   all        677        905      0.794      0.254      0.273      0.158

      Epoch    GPU_mem   box_loss   cls_loss   dfl_loss  Instances       Size
                   all        677        905      0.815      0.242      0.296      0.186

      Epoch    GPU_mem   box_loss   cls_loss   dfl_loss  Instances       Size
                   all        677        905      0.692      0.268      0.315      0.196

      Epoch    GPU_mem   box_loss   cls_loss   dfl_loss  Instances       Size
                   all        677        905      0.557      0.409       0.37       0.22

      Epoch    GPU_mem   box_loss   cls_loss   dfl_loss  Instances       Size
                   all        677        905      0.712      0.383      0.408      0.252

      Epoch    GPU_mem   box_loss   cls_loss   dfl_loss  Instances       Size
                   all        677        905      0.588      0.437      0.426      0.262

      Epoch    GPU_mem   box_loss   cls_loss   dfl_loss  Instances       Size
                   all        677        905      0.612      0.458      0.435      0.257

      Epoch    GPU_mem   box_loss   cls_loss   dfl_loss  Instances       Size
                   all        677        905      0.609      0.439      0.465        0.3

      Epoch    GPU_mem   box_loss   cls_loss   dfl_loss  Instances       Size
                   all        677        905      0.641      0.528       0.54       0.33

      Epoch    GPU_mem   box_loss   cls_loss   dfl_loss  Instances       Size
                   all        677        905      0.626      0.504      0.499      0.308

      Epoch    GPU_mem   box_loss   cls_loss   dfl_loss  Instances       Size
                   all        677        905      0.632      0.475      0.527      0.319

      Epoch    GPU_mem   box_loss   cls_loss   dfl_loss  Instances       Size
                   all        677        905      0.637       0.54      0.561      0.353

      Epoch    GPU_mem   box_loss   cls_loss   dfl_loss  Instances       Size
                   all        677        905       0.59      0.501      0.531      0.322

      Epoch    GPU_mem   box_loss   cls_loss   dfl_loss  Instances       Size
                   all        677        905      0.742      0.512      0.571      0.351

      Epoch    GPU_mem   box_loss   cls_loss   dfl_loss  Instances       Size
                   all        677        905      0.648      0.494      0.561      0.343

      Epoch    GPU_mem   box_loss   cls_loss   dfl_loss  Instances       Size
                   all        677        905      0.574        0.6      0.588      0.374

      Epoch    GPU_mem   box_loss   cls_loss   dfl_loss  Instances       Size
                   all        677        905      0.661      0.593      0.629      0.393

      Epoch    GPU_mem   box_loss   cls_loss   dfl_loss  Instances       Size
                   all        677        905      0.624      0.631      0.654      0.421

      Epoch    GPU_mem   box_loss   cls_loss   dfl_loss  Instances       Size
                   all        677        905      0.719      0.561      0.656      0.409

      Epoch    GPU_mem   box_loss   cls_loss   dfl_loss  Instances       Size
                   all        677        905      0.575      0.771      0.725       0.48

      Epoch    GPU_mem   box_loss   cls_loss   dfl_loss  Instances       Size
                   all        677        905      0.716      0.603      0.713      0.468

      Epoch    GPU_mem   box_loss   cls_loss   dfl_loss  Instances       Size
                   all        677        905       0.63      0.717       0.72      0.483

      Epoch    GPU_mem   box_loss   cls_loss   dfl_loss  Instances       Size
                   all        677        905      0.563        0.7      0.653      0.417

      Epoch    GPU_mem   box_loss   cls_loss   dfl_loss  Instances       Size
                   all        677        905      0.581      0.728      0.665      0.409

      Epoch    GPU_mem   box_loss   cls_loss   dfl_loss  Instances       Size
                   all        677        905      0.601      0.694      0.632      0.394

      Epoch    GPU_mem   box_loss   cls_loss   dfl_loss  Instances       Size
                   all        677        905      0.591      0.687      0.635      0.414

      Epoch    GPU_mem   box_loss   cls_loss   dfl_loss  Instances       Size
                   all        677        905      0.589      0.615       0.65      0.405

      Epoch    GPU_mem   box_loss   cls_loss   dfl_loss  Instances       Size
                   all        677        905      0.662       0.68      0.656      0.428

      Epoch    GPU_mem   box_loss   cls_loss   dfl_loss  Instances       Size
                   all        677        905      0.637      0.674      0.665      0.425

      Epoch    GPU_mem   box_loss   cls_loss   dfl_loss  Instances       Size
                   all        677        905       0.68      0.642      0.656      0.418

      Epoch    GPU_mem   box_loss   cls_loss   dfl_loss  Instances       Size
                   all        677        905      0.716      0.678       0.74      0.509

      Epoch    GPU_mem   box_loss   cls_loss   dfl_loss  Instances       Size
                   all        677        905      0.738      0.685      0.715      0.466

      Epoch    GPU_mem   box_loss   cls_loss   dfl_loss  Instances       Size
                   all        677        905      0.656      0.728      0.749        0.5

      Epoch    GPU_mem   box_loss   cls_loss   dfl_loss  Instances       Size
                   all        677        905      0.668      0.647      0.686      0.447

      Epoch    GPU_mem   box_loss   cls_loss   dfl_loss  Instances       Size
                   all        677        905      0.662      0.715      0.749      0.512

      Epoch    GPU_mem   box_loss   cls_loss   dfl_loss  Instances       Size
                   all        677        905      0.694      0.749      0.706      0.453

      Epoch    GPU_mem   box_loss   cls_loss   dfl_loss  Instances       Size
                   all        677        905      0.705      0.716      0.753      0.504

      Epoch    GPU_mem   box_loss   cls_loss   dfl_loss  Instances       Size
                   all        677        905      0.721      0.695      0.757      0.507

      Epoch    GPU_mem   box_loss   cls_loss   dfl_loss  Instances       Size
                   all        677        905      0.704      0.714      0.745      0.486
Closing dataloader mosaic

      Epoch    GPU_mem   box_loss   cls_loss   dfl_loss  Instances       Size
                   all        677        905      0.774      0.672      0.766      0.511

      Epoch    GPU_mem   box_loss   cls_loss   dfl_loss  Instances       Size
                   all        677        905      0.656       0.74      0.717      0.461

      Epoch    GPU_mem   box_loss   cls_loss   dfl_loss  Instances       Size
                   all        677        905      0.681      0.727      0.708      0.458

      Epoch    GPU_mem   box_loss   cls_loss   dfl_loss  Instances       Size
                   all        677        905       0.72      0.714      0.725      0.477

      Epoch    GPU_mem   box_loss   cls_loss   dfl_loss  Instances       Size
                   all        677        905      0.691      0.733       0.77      0.522

      Epoch    GPU_mem   box_loss   cls_loss   dfl_loss  Instances       Size
                   all        677        905       0.73      0.717      0.737      0.493

      Epoch    GPU_mem   box_loss   cls_loss   dfl_loss  Instances       Size
                   all        677        905      0.705       0.72      0.769      0.519

      Epoch    GPU_mem   box_loss   cls_loss   dfl_loss  Instances       Size
                   all        677        905      0.677      0.756      0.719      0.474

      Epoch    GPU_mem   box_loss   cls_loss   dfl_loss  Instances       Size
                   all        677        905      0.744      0.706      0.736      0.488

      Epoch    GPU_mem   box_loss   cls_loss   dfl_loss  Instances       Size
                   all        677        905      0.735        0.7      0.772      0.522

50 epochs completed in 3.316 hours.
Optimizer stripped from E:\TJGY\MinPaper\MyAutoAugument\outputs\experiments\multiseed_clean_yolo_default_vs_inloop_feedback\seed_2\clean_native_yolo_default\train\weights\last.pt, 5.6MB
Optimizer stripped from E:\TJGY\MinPaper\MyAutoAugument\outputs\experiments\multiseed_clean_yolo_default_vs_inloop_feedback\seed_2\clean_native_yolo_default\train\weights\best.pt, 5.6MB

Validating E:\TJGY\MinPaper\MyAutoAugument\outputs\experiments\multiseed_clean_yolo_default_vs_inloop_feedback\seed_2\clean_native_yolo_default\train\weights\best.pt...
Ultralytics 8.3.221  Python-3.9.19 torch-2.4.1 CUDA:0 (NVIDIA GeForce RTX 3060 Laptop GPU, 6144MiB)
YOLO11n summary (fused): 100 layers, 2,584,687 parameters, 0 gradients, 6.3 GFLOPs
                   all        677        905       0.69      0.734       0.77      0.523
                   OK2         64         64       0.84          1      0.991      0.836
                   OK3        274        274      0.982      0.972      0.994      0.832
                           8          8      0.859      0.875      0.894      0.534
                              2          2      0.209          1      0.995      0.995
                             14         18      0.197      0.218      0.214      0.125
                            11         13       0.43      0.615      0.566      0.279
                            36         46      0.712      0.717      0.738      0.352
                            229        269      0.761      0.587      0.688      0.416
                             33         42      0.716      0.601        0.6       0.33
                           69         84      0.701      0.643      0.743      0.414
                           12         12      0.801       0.75       0.81      0.512
                             25         27      0.921      0.889      0.975      0.636
                             41         46      0.838      0.674      0.806      0.534
Speed: 1.0ms preprocess, 5.5ms inference, 0.0ms loss, 1.6ms postprocess per image
Ultralytics 8.3.221  Python-3.9.19 torch-2.4.1 CUDA:0 (NVIDIA GeForce RTX 3060 Laptop GPU, 6144MiB)
YOLO11n summary (fused): 100 layers, 2,584,687 parameters, 0 gradients, 6.3 GFLOPs
[34m[1mval: [0mFast image access  (ping: 0.10.0 ms, read: 1281.0280.0 MB/s, size: 338.2 KB)
                   all        677        905      0.696      0.729      0.769      0.522
                   OK2         64         64       0.84          1      0.991      0.834
                   OK3        274        274      0.983      0.971      0.994      0.831
                           8          8       0.87      0.875      0.894      0.535
                              2          2      0.218          1      0.995      0.995
                             14         18      0.191       0.21      0.214      0.125
                            11         13      0.435      0.615      0.552      0.272
                            36         46      0.717      0.696      0.736      0.351
                            229        269      0.761       0.58      0.689      0.414
                             33         42      0.733      0.589        0.6      0.331
                           69         84      0.701      0.631      0.744      0.414
                           12         12      0.805       0.75       0.81      0.515
                             25         27       0.96      0.884      0.974      0.638
                             41         46      0.837      0.671      0.806      0.537
Speed: 1.0ms preprocess, 8.8ms inference, 0.0ms loss, 1.6ms postprocess per image
{
  "train_success": true,
  "val_success": true,
  "train_image_count": 2301,
  "fixed_augmented_dataset_generated": false,
  "precision": 0.6962390186664107,
  "recall": 0.728629640010866,
  "map50": 0.7692030787336794,
  "map50_95": 0.5223713770570699,
  "report": "E:\\TJGY\\MinPaper\\MyAutoAugument\\outputs\\experiments\\multiseed_clean_yolo_default_vs_inloop_feedback\\seed_2\\clean_native_yolo_default\\reports\\clean_native_yolo_default_report.md",
  "metrics_json": "E:\\TJGY\\MinPaper\\MyAutoAugument\\outputs\\experiments\\multiseed_clean_yolo_default_vs_inloop_feedback\\seed_2\\clean_native_yolo_default\\reports\\clean_native_yolo_default_metrics.json"
}
