Creating new Ultralytics Settings v0.0.6 file  
View Ultralytics Settings with 'yolo settings' or at 'E:\TJGY\MinPaper\MyAutoAugument\outputs\experiments\multiseed_clean_yolo_default_vs_inloop_feedback\seed_1\clean_native_yolo_default\configs\ultralytics\Ultralytics\settings.json'
Update Settings with 'yolo settings key=value', i.e. 'yolo settings runs_dir=path/to/dir'. For help see https://docs.ultralytics.com/quickstart/#ultralytics-settings.
New https://pypi.org/project/ultralytics/8.4.56 available  Update with 'pip install -U ultralytics'
Ultralytics 8.3.221  Python-3.9.19 torch-2.4.1 CUDA:0 (NVIDIA GeForce RTX 3060 Laptop GPU, 6144MiB)
[34m[1mengine\trainer: [0magnostic_nms=False, amp=True, augment=False, auto_augment=randaugment, batch=2, bgr=0.0, box=7.5, cache=False, cfg=None, classes=None, close_mosaic=10, cls=0.5, compile=False, conf=None, copy_paste=0.0, copy_paste_mode=flip, cos_lr=False, cutmix=0.0, data=E:\TJGY\MinPaper\MyAutoAugument\outputs\datasets\tiled\tiled_1024_ov20_full_safe_no_ok_position\data.yaml, degrees=0.0, deterministic=True, device=0, dfl=1.5, dnn=False, dropout=0.0, dynamic=False, embed=None, epochs=50, erasing=0.4, exist_ok=True, fliplr=0.5, flipud=0.0, format=torchscript, fraction=1.0, freeze=None, half=False, hsv_h=0.015, hsv_s=0.7, hsv_v=0.4, imgsz=1024, int8=False, iou=0.7, keras=False, kobj=1.0, line_width=None, lr0=0.01, lrf=0.01, mask_ratio=4, max_det=300, mixup=0.0, mode=train, model=yolo11n.pt, momentum=0.937, mosaic=1.0, multi_scale=False, name=train, nbs=64, nms=False, opset=None, optimize=False, optimizer=auto, overlap_mask=True, patience=100, perspective=0.0, plots=False, pose=12.0, pretrained=True, profile=False, project=E:\TJGY\MinPaper\MyAutoAugument\outputs\experiments\multiseed_clean_yolo_default_vs_inloop_feedback\seed_1\clean_native_yolo_default, rect=False, resume=False, retina_masks=False, save=True, save_conf=False, save_crop=False, save_dir=E:\TJGY\MinPaper\MyAutoAugument\outputs\experiments\multiseed_clean_yolo_default_vs_inloop_feedback\seed_1\clean_native_yolo_default\train, save_frames=False, save_json=False, save_period=-1, save_txt=False, scale=0.5, seed=1, shear=0.0, show=False, show_boxes=True, show_conf=True, show_labels=True, simplify=True, single_cls=False, source=None, split=val, stream_buffer=False, task=detect, time=None, tracker=botsort.yaml, translate=0.1, val=True, verbose=True, vid_stride=1, visualize=False, warmup_bias_lr=0.1, warmup_epochs=3.0, warmup_momentum=0.8, weight_decay=0.0005, workers=0, workspace=None
Overriding model.yaml nc=80 with nc=13

                   from  n    params  module                                       arguments                     
  0                  -1  1       464  ultralytics.nn.modules.conv.Conv             [3, 16, 3, 2]                 
  1                  -1  1      4672  ultralytics.nn.modules.conv.Conv             [16, 32, 3, 2]                
  2                  -1  1      6640  ultralytics.nn.modules.block.C3k2            [32, 64, 1, False, 0.25]      
  3                  -1  1     36992  ultralytics.nn.modules.conv.Conv             [64, 64, 3, 2]                
  4                  -1  1     26080  ultralytics.nn.modules.block.C3k2            [64, 128, 1, False, 0.25]     
  5                  -1  1    147712  ultralytics.nn.modules.conv.Conv             [128, 128, 3, 2]              
  6                  -1  1     87040  ultralytics.nn.modules.block.C3k2            [128, 128, 1, True]           
  7                  -1  1    295424  ultralytics.nn.modules.conv.Conv             [128, 256, 3, 2]              
  8                  -1  1    346112  ultralytics.nn.modules.block.C3k2            [256, 256, 1, True]           
  9                  -1  1    164608  ultralytics.nn.modules.block.SPPF            [256, 256, 5]                 
 10                  -1  1    249728  ultralytics.nn.modules.block.C2PSA           [256, 256, 1]                 
 11                  -1  1         0  torch.nn.modules.upsampling.Upsample         [None, 2, 'nearest']          
 12             [-1, 6]  1         0  ultralytics.nn.modules.conv.Concat           [1]                           
 13                  -1  1    111296  ultralytics.nn.modules.block.C3k2            [384, 128, 1, False]          
 14                  -1  1         0  torch.nn.modules.upsampling.Upsample         [None, 2, 'nearest']          
 15             [-1, 4]  1         0  ultralytics.nn.modules.conv.Concat           [1]                           
 16                  -1  1     32096  ultralytics.nn.modules.block.C3k2            [256, 64, 1, False]           
 17                  -1  1     36992  ultralytics.nn.modules.conv.Conv             [64, 64, 3, 2]                
 18            [-1, 13]  1         0  ultralytics.nn.modules.conv.Concat           [1]                           
 19                  -1  1     86720  ultralytics.nn.modules.block.C3k2            [192, 128, 1, False]          
 20                  -1  1    147712  ultralytics.nn.modules.conv.Conv             [128, 128, 3, 2]              
 21            [-1, 10]  1         0  ultralytics.nn.modules.conv.Concat           [1]                           
 22                  -1  1    378880  ultralytics.nn.modules.block.C3k2            [384, 256, 1, True]           
 23        [16, 19, 22]  1    433207  ultralytics.nn.modules.head.Detect           [13, [64, 128, 256]]          
YOLO11n summary: 181 layers, 2,592,375 parameters, 2,592,359 gradients, 6.5 GFLOPs

Transferred 448/499 items from pretrained weights
Freezing layer 'model.23.dfl.conv.weight'
[34m[1mAMP: [0mrunning Automatic Mixed Precision (AMP) checks...
[34m[1mAMP: [0mchecks passed 
[34m[1mtrain: [0mFast image access  (ping: 0.10.0 ms, read: 1147.7362.8 MB/s, size: 305.9 KB)
[34m[1mval: [0mFast image access  (ping: 0.10.0 ms, read: 1144.0320.8 MB/s, size: 323.6 KB)
[34m[1moptimizer:[0m 'optimizer=auto' found, ignoring 'lr0=0.01' and 'momentum=0.937' and determining best 'optimizer', 'lr0' and 'momentum' automatically... 
[34m[1moptimizer:[0m AdamW(lr=0.000588, momentum=0.9) with parameter groups 81 weight(decay=0.0), 88 weight(decay=0.0005), 87 bias(decay=0.0)
Image sizes 1024 train, 1024 val
Using 0 dataloader workers
Logging results to [1mE:\TJGY\MinPaper\MyAutoAugument\outputs\experiments\multiseed_clean_yolo_default_vs_inloop_feedback\seed_1\clean_native_yolo_default\train[0m
Starting training for 50 epochs...

      Epoch    GPU_mem   box_loss   cls_loss   dfl_loss  Instances       Size
                   all        677        905      0.828      0.198      0.213      0.146

      Epoch    GPU_mem   box_loss   cls_loss   dfl_loss  Instances       Size
                   all        677        905      0.789      0.253      0.263      0.162

      Epoch    GPU_mem   box_loss   cls_loss   dfl_loss  Instances       Size
                   all        677        905      0.455      0.296      0.306      0.189

      Epoch    GPU_mem   box_loss   cls_loss   dfl_loss  Instances       Size
                   all        677        905      0.503      0.343      0.318      0.198

      Epoch    GPU_mem   box_loss   cls_loss   dfl_loss  Instances       Size
                   all        677        905      0.525      0.381      0.357       0.22

      Epoch    GPU_mem   box_loss   cls_loss   dfl_loss  Instances       Size
                   all        677        905      0.563      0.338       0.34      0.208

      Epoch    GPU_mem   box_loss   cls_loss   dfl_loss  Instances       Size
                   all        677        905      0.588      0.384      0.367       0.23

      Epoch    GPU_mem   box_loss   cls_loss   dfl_loss  Instances       Size
                   all        677        905      0.624      0.481       0.48      0.295

      Epoch    GPU_mem   box_loss   cls_loss   dfl_loss  Instances       Size
                   all        677        905      0.609      0.486      0.496      0.306

      Epoch    GPU_mem   box_loss   cls_loss   dfl_loss  Instances       Size
                   all        677        905      0.583      0.529      0.509      0.306

      Epoch    GPU_mem   box_loss   cls_loss   dfl_loss  Instances       Size
                   all        677        905      0.661      0.453      0.489      0.318

      Epoch    GPU_mem   box_loss   cls_loss   dfl_loss  Instances       Size
                   all        677        905      0.575      0.471      0.513      0.325

      Epoch    GPU_mem   box_loss   cls_loss   dfl_loss  Instances       Size
                   all        677        905      0.529      0.467      0.514      0.311

      Epoch    GPU_mem   box_loss   cls_loss   dfl_loss  Instances       Size
                   all        677        905      0.633      0.459      0.509       0.32

      Epoch    GPU_mem   box_loss   cls_loss   dfl_loss  Instances       Size
                   all        677        905      0.584      0.537      0.558      0.342

      Epoch    GPU_mem   box_loss   cls_loss   dfl_loss  Instances       Size
                   all        677        905      0.518      0.539      0.561      0.339

      Epoch    GPU_mem   box_loss   cls_loss   dfl_loss  Instances       Size
                   all        677        905      0.699      0.519      0.611      0.365

      Epoch    GPU_mem   box_loss   cls_loss   dfl_loss  Instances       Size
                   all        677        905       0.52      0.674      0.642      0.405

      Epoch    GPU_mem   box_loss   cls_loss   dfl_loss  Instances       Size
                   all        677        905      0.684      0.554      0.602      0.387

      Epoch    GPU_mem   box_loss   cls_loss   dfl_loss  Instances       Size
                   all        677        905      0.615      0.623      0.602      0.386

      Epoch    GPU_mem   box_loss   cls_loss   dfl_loss  Instances       Size
                   all        677        905      0.649      0.599      0.591       0.38

      Epoch    GPU_mem   box_loss   cls_loss   dfl_loss  Instances       Size
                   all        677        905      0.632      0.612      0.645      0.409

      Epoch    GPU_mem   box_loss   cls_loss   dfl_loss  Instances       Size
                   all        677        905      0.692      0.577      0.608      0.389

      Epoch    GPU_mem   box_loss   cls_loss   dfl_loss  Instances       Size
                   all        677        905      0.523      0.681      0.616      0.392

      Epoch    GPU_mem   box_loss   cls_loss   dfl_loss  Instances       Size
                   all        677        905      0.715      0.551      0.611      0.385

      Epoch    GPU_mem   box_loss   cls_loss   dfl_loss  Instances       Size
                   all        677        905      0.578      0.673      0.644      0.407

      Epoch    GPU_mem   box_loss   cls_loss   dfl_loss  Instances       Size
                   all        677        905      0.716       0.66       0.69      0.424

      Epoch    GPU_mem   box_loss   cls_loss   dfl_loss  Instances       Size
                   all        677        905      0.742      0.579      0.657      0.408

      Epoch    GPU_mem   box_loss   cls_loss   dfl_loss  Instances       Size
                   all        677        905      0.606      0.706      0.721      0.446

      Epoch    GPU_mem   box_loss   cls_loss   dfl_loss  Instances       Size
                   all        677        905      0.724      0.644      0.717      0.464

      Epoch    GPU_mem   box_loss   cls_loss   dfl_loss  Instances       Size
                   all        677        905      0.692       0.65      0.687      0.439

      Epoch    GPU_mem   box_loss   cls_loss   dfl_loss  Instances       Size
                   all        677        905      0.718      0.609      0.724      0.469

      Epoch    GPU_mem   box_loss   cls_loss   dfl_loss  Instances       Size
                   all        677        905      0.653      0.705      0.702      0.456

      Epoch    GPU_mem   box_loss   cls_loss   dfl_loss  Instances       Size
                   all        677        905      0.534      0.711      0.639      0.412

      Epoch    GPU_mem   box_loss   cls_loss   dfl_loss  Instances       Size
                   all        677        905      0.754      0.649       0.72      0.469

      Epoch    GPU_mem   box_loss   cls_loss   dfl_loss  Instances       Size
                   all        677        905      0.777       0.65      0.758      0.487

      Epoch    GPU_mem   box_loss   cls_loss   dfl_loss  Instances       Size
                   all        677        905       0.64      0.684      0.661      0.421

      Epoch    GPU_mem   box_loss   cls_loss   dfl_loss  Instances       Size
                   all        677        905      0.614      0.755      0.685      0.444

      Epoch    GPU_mem   box_loss   cls_loss   dfl_loss  Instances       Size
                   all        677        905       0.69      0.725      0.689      0.441

      Epoch    GPU_mem   box_loss   cls_loss   dfl_loss  Instances       Size
                   all        677        905      0.645      0.631      0.664      0.429
Closing dataloader mosaic

      Epoch    GPU_mem   box_loss   cls_loss   dfl_loss  Instances       Size
                   all        677        905      0.629      0.726      0.688      0.437

      Epoch    GPU_mem   box_loss   cls_loss   dfl_loss  Instances       Size
                   all        677        905      0.675       0.71      0.713      0.457

      Epoch    GPU_mem   box_loss   cls_loss   dfl_loss  Instances       Size
                   all        677        905      0.674      0.615      0.692      0.443

      Epoch    GPU_mem   box_loss   cls_loss   dfl_loss  Instances       Size
                   all        677        905      0.728       0.68      0.706      0.455

      Epoch    GPU_mem   box_loss   cls_loss   dfl_loss  Instances       Size
                   all        677        905      0.669      0.725      0.696      0.448

      Epoch    GPU_mem   box_loss   cls_loss   dfl_loss  Instances       Size
                   all        677        905      0.605      0.717       0.69      0.449

      Epoch    GPU_mem   box_loss   cls_loss   dfl_loss  Instances       Size
                   all        677        905      0.657      0.751      0.714      0.465

      Epoch    GPU_mem   box_loss   cls_loss   dfl_loss  Instances       Size
                   all        677        905      0.679      0.704      0.703      0.446

      Epoch    GPU_mem   box_loss   cls_loss   dfl_loss  Instances       Size
                   all        677        905      0.663      0.744      0.723      0.465

      Epoch    GPU_mem   box_loss   cls_loss   dfl_loss  Instances       Size
                   all        677        905      0.661       0.74       0.72      0.463

50 epochs completed in 3.510 hours.
Optimizer stripped from E:\TJGY\MinPaper\MyAutoAugument\outputs\experiments\multiseed_clean_yolo_default_vs_inloop_feedback\seed_1\clean_native_yolo_default\train\weights\last.pt, 5.6MB
Optimizer stripped from E:\TJGY\MinPaper\MyAutoAugument\outputs\experiments\multiseed_clean_yolo_default_vs_inloop_feedback\seed_1\clean_native_yolo_default\train\weights\best.pt, 5.6MB

Validating E:\TJGY\MinPaper\MyAutoAugument\outputs\experiments\multiseed_clean_yolo_default_vs_inloop_feedback\seed_1\clean_native_yolo_default\train\weights\best.pt...
Ultralytics 8.3.221  Python-3.9.19 torch-2.4.1 CUDA:0 (NVIDIA GeForce RTX 3060 Laptop GPU, 6144MiB)
YOLO11n summary (fused): 100 layers, 2,584,687 parameters, 0 gradients, 6.3 GFLOPs
                   all        677        905      0.773      0.647      0.754      0.484
                   OK2         64         64      0.829          1      0.984       0.85
                   OK3        274        274          1      0.963      0.994      0.827
                           8          8      0.634      0.651      0.772      0.348
                              2          2      0.945          1      0.995      0.746
                             14         18      0.592      0.162      0.235      0.112
                            11         13      0.728      0.462      0.588      0.334
                            36         46      0.611      0.587      0.714      0.381
                            229        269       0.83      0.472      0.693      0.432
                             33         42      0.654      0.405      0.511      0.239
                           69         84      0.819      0.483      0.698      0.343
                           12         12      0.715       0.75      0.899       0.61
                             25         27      0.863      0.852      0.942      0.581
                             41         46      0.832       0.63      0.775      0.488
Speed: 0.9ms preprocess, 7.5ms inference, 0.0ms loss, 1.5ms postprocess per image
Ultralytics 8.3.221  Python-3.9.19 torch-2.4.1 CUDA:0 (NVIDIA GeForce RTX 3060 Laptop GPU, 6144MiB)
YOLO11n summary (fused): 100 layers, 2,584,687 parameters, 0 gradients, 6.3 GFLOPs
[34m[1mval: [0mFast image access  (ping: 0.10.0 ms, read: 1004.8196.5 MB/s, size: 286.0 KB)
                   all        677        905      0.773      0.648      0.754       0.48
                   OK2         64         64      0.829          1      0.983      0.847
                   OK3        274        274          1      0.964      0.994      0.826
                           8          8      0.633       0.65      0.772      0.348
                              2          2      0.946          1      0.995      0.697
                             14         18      0.593      0.163      0.236      0.113
                            11         13      0.727      0.462      0.588      0.335
                            36         46       0.61      0.587      0.713      0.377
                            229        269      0.831      0.474      0.693       0.43
                             33         42      0.649      0.405      0.511      0.239
                           69         84      0.819      0.484      0.698      0.348
                           12         12      0.714       0.75      0.904      0.612
                             25         27      0.862      0.852      0.942      0.578
                             41         46      0.831       0.63      0.777      0.489
Speed: 0.9ms preprocess, 9.2ms inference, 0.0ms loss, 1.4ms postprocess per image
{
  "train_success": true,
  "val_success": true,
  "train_image_count": 2301,
  "fixed_augmented_dataset_generated": false,
  "precision": 0.7725246158861973,
  "recall": 0.6476798989752319,
  "map50": 0.7541905909810253,
  "map50_95": 0.4799185559746686,
  "report": "E:\\TJGY\\MinPaper\\MyAutoAugument\\outputs\\experiments\\multiseed_clean_yolo_default_vs_inloop_feedback\\seed_1\\clean_native_yolo_default\\reports\\clean_native_yolo_default_report.md",
  "metrics_json": "E:\\TJGY\\MinPaper\\MyAutoAugument\\outputs\\experiments\\multiseed_clean_yolo_default_vs_inloop_feedback\\seed_1\\clean_native_yolo_default\\reports\\clean_native_yolo_default_metrics.json"
}
